
F:\proj\Game11\Game\Engine\shaders>fxc /T vs_5_1 /E VS_LPP_Normal  /Fo basic-pre.vs  LPP.fx 
Microsoft (R) Direct3D Shader Compiler 10.1
Copyright (C) 2013 Microsoft. All rights reserved.

F:\proj\Game11\Game\Engine\shaders\common.fx(158,8-50): warning X3206: implicit truncation of vector type
F:\proj\Game11\Game\Engine\shaders\common.fx(159,9-44): warning X3206: implicit truncation of vector type
F:\proj\Game11\Game\Engine\shaders\common.fx(166,16-32): warning X3206: 'DecodeNormal': implicit truncation of vector type
F:\proj\Game11\Game\Engine\shaders\LPP.fx(156,21-40): warning X3206: 'EncodeNormal': implicit truncation of vector type
F:\proj\Game11\Game\Engine\shaders\LPP.fx(177,24-43): warning X3206: 'EncodeNormal': implicit truncation of vector type

compilation object save succeeded; see F:\proj\Game11\Game\Engine\shaders\basic-pre.vs

F:\proj\Game11\Game\Engine\shaders>fxc /T ps_5_1 /E PS_LPP_Normal  /Fo basic-pre.ps  LPP.fx 
Microsoft (R) Direct3D Shader Compiler 10.1
Copyright (C) 2013 Microsoft. All rights reserved.

F:\proj\Game11\Game\Engine\shaders\common.fx(158,8-50): warning X3206: implicit truncation of vector type
F:\proj\Game11\Game\Engine\shaders\common.fx(159,9-44): warning X3206: implicit truncation of vector type
F:\proj\Game11\Game\Engine\shaders\common.fx(166,16-32): warning X3206: 'DecodeNormal': implicit truncation of vector type
F:\proj\Game11\Game\Engine\shaders\LPP.fx(156,21-40): warning X3206: 'EncodeNormal': implicit truncation of vector type
F:\proj\Game11\Game\Engine\shaders\LPP.fx(177,24-43): warning X3206: 'EncodeNormal': implicit truncation of vector type

compilation object save succeeded; see F:\proj\Game11\Game\Engine\shaders\basic-pre.ps

F:\proj\Game11\Game\Engine\shaders>fxc /T vs_5_1 /E VS_LPP_Normal_Instance  /Fo basic-pre-instance.vs  LPP.fx 
Microsoft (R) Direct3D Shader Compiler 10.1
Copyright (C) 2013 Microsoft. All rights reserved.

F:\proj\Game11\Game\Engine\shaders\common.fx(158,8-50): warning X3206: implicit truncation of vector type
F:\proj\Game11\Game\Engine\shaders\common.fx(159,9-44): warning X3206: implicit truncation of vector type
F:\proj\Game11\Game\Engine\shaders\common.fx(166,16-32): warning X3206: 'DecodeNormal': implicit truncation of vector type
F:\proj\Game11\Game\Engine\shaders\LPP.fx(156,21-40): warning X3206: 'EncodeNormal': implicit truncation of vector type
F:\proj\Game11\Game\Engine\shaders\LPP.fx(177,24-43): warning X3206: 'EncodeNormal': implicit truncation of vector type

compilation object save succeeded; see F:\proj\Game11\Game\Engine\shaders\basic-pre-instance.vs

F:\proj\Game11\Game\Engine\shaders>fxc /T ps_5_1 /E PS_LPP_Normal           /Fo basic-pre-instance.ps  LPP.fx 
Microsoft (R) Direct3D Shader Compiler 10.1
Copyright (C) 2013 Microsoft. All rights reserved.

F:\proj\Game11\Game\Engine\shaders\common.fx(158,8-50): warning X3206: implicit truncation of vector type
F:\proj\Game11\Game\Engine\shaders\common.fx(159,9-44): warning X3206: implicit truncation of vector type
F:\proj\Game11\Game\Engine\shaders\common.fx(166,16-32): warning X3206: 'DecodeNormal': implicit truncation of vector type
F:\proj\Game11\Game\Engine\shaders\LPP.fx(156,21-40): warning X3206: 'EncodeNormal': implicit truncation of vector type
F:\proj\Game11\Game\Engine\shaders\LPP.fx(177,24-43): warning X3206: 'EncodeNormal': implicit truncation of vector type

compilation object save succeeded; see F:\proj\Game11\Game\Engine\shaders\basic-pre-instance.ps

F:\proj\Game11\Game\Engine\shaders>fxc /T vs_5_1 /E VS_LPP_Normal_Skinning  /Fo skin-pre.vs  LPP.fx 
Microsoft (R) Direct3D Shader Compiler 10.1
Copyright (C) 2013 Microsoft. All rights reserved.

F:\proj\Game11\Game\Engine\shaders\common.fx(158,8-50): warning X3206: implicit truncation of vector type
F:\proj\Game11\Game\Engine\shaders\common.fx(159,9-44): warning X3206: implicit truncation of vector type
F:\proj\Game11\Game\Engine\shaders\common.fx(166,16-32): warning X3206: 'DecodeNormal': implicit truncation of vector type
F:\proj\Game11\Game\Engine\shaders\LPP.fx(156,21-40): warning X3206: 'EncodeNormal': implicit truncation of vector type
F:\proj\Game11\Game\Engine\shaders\LPP.fx(177,24-43): warning X3206: 'EncodeNormal': implicit truncation of vector type

compilation object save succeeded; see F:\proj\Game11\Game\Engine\shaders\skin-pre.vs

F:\proj\Game11\Game\Engine\shaders>fxc /T ps_5_1 /E PS_LPP_Normal_Skinning  /Fo skin-pre.ps  LPP.fx 
Microsoft (R) Direct3D Shader Compiler 10.1
Copyright (C) 2013 Microsoft. All rights reserved.

F:\proj\Game11\Game\Engine\shaders\common.fx(158,8-50): warning X3206: implicit truncation of vector type
F:\proj\Game11\Game\Engine\shaders\common.fx(159,9-44): warning X3206: implicit truncation of vector type
F:\proj\Game11\Game\Engine\shaders\common.fx(166,16-32): warning X3206: 'DecodeNormal': implicit truncation of vector type
F:\proj\Game11\Game\Engine\shaders\LPP.fx(156,21-40): warning X3206: 'EncodeNormal': implicit truncation of vector type
F:\proj\Game11\Game\Engine\shaders\LPP.fx(177,24-43): warning X3206: 'EncodeNormal': implicit truncation of vector type

compilation object save succeeded; see F:\proj\Game11\Game\Engine\shaders\skin-pre.ps

F:\proj\Game11\Game\Engine\shaders>fxc /T vs_5_1 /E VS /Fo basic.vs  normal.fx 
Microsoft (R) Direct3D Shader Compiler 10.1
Copyright (C) 2013 Microsoft. All rights reserved.

F:\proj\Game11\Game\Engine\shaders\common.fx(158,8-50): warning X3206: implicit truncation of vector type
F:\proj\Game11\Game\Engine\shaders\common.fx(159,9-44): warning X3206: implicit truncation of vector type
F:\proj\Game11\Game\Engine\shaders\common.fx(166,16-32): warning X3206: 'DecodeNormal': implicit truncation of vector type

compilation object save succeeded; see F:\proj\Game11\Game\Engine\shaders\basic.vs

F:\proj\Game11\Game\Engine\shaders>fxc /T ps_5_1 /E PS /Fo basic.ps  normal.fx 
Microsoft (R) Direct3D Shader Compiler 10.1
Copyright (C) 2013 Microsoft. All rights reserved.

F:\proj\Game11\Game\Engine\shaders\common.fx(158,8-50): warning X3206: implicit truncation of vector type
F:\proj\Game11\Game\Engine\shaders\common.fx(159,9-44): warning X3206: implicit truncation of vector type
F:\proj\Game11\Game\Engine\shaders\common.fx(166,16-32): warning X3206: 'DecodeNormal': implicit truncation of vector type

compilation object save succeeded; see F:\proj\Game11\Game\Engine\shaders\basic.ps

F:\proj\Game11\Game\Engine\shaders>fxc /T vs_5_1 /E VS /Fo oit.vs  oit-resolve.fx 
Microsoft (R) Direct3D Shader Compiler 10.1
Copyright (C) 2013 Microsoft. All rights reserved.

F:\proj\Game11\Game\Engine\shaders\common.fx(158,8-50): warning X3206: implicit truncation of vector type
F:\proj\Game11\Game\Engine\shaders\common.fx(159,9-44): warning X3206: implicit truncation of vector type
F:\proj\Game11\Game\Engine\shaders\common.fx(166,16-32): warning X3206: 'DecodeNormal': implicit truncation of vector type

compilation object save succeeded; see F:\proj\Game11\Game\Engine\shaders\oit.vs

F:\proj\Game11\Game\Engine\shaders>fxc /T ps_5_1 /E PS /Fo oit-init.ps /D dohdr /D dopso oit-init.fx 
Microsoft (R) Direct3D Shader Compiler 10.1
Copyright (C) 2013 Microsoft. All rights reserved.

F:\proj\Game11\Game\Engine\shaders\common.fx(158,8-50): warning X3206: implicit truncation of vector type
F:\proj\Game11\Game\Engine\shaders\common.fx(159,9-44): warning X3206: implicit truncation of vector type
F:\proj\Game11\Game\Engine\shaders\common.fx(166,16-32): warning X3206: 'DecodeNormal': implicit truncation of vector type

compilation object save succeeded; see F:\proj\Game11\Game\Engine\shaders\oit-init.ps

F:\proj\Game11\Game\Engine\shaders>fxc /T ps_5_1 /E AOITSPResolvePS /Fo  oit-resolve.ps  /D dohdr /D dopso oit-resolve.fx 
Microsoft (R) Direct3D Shader Compiler 10.1
Copyright (C) 2013 Microsoft. All rights reserved.

F:\proj\Game11\Game\Engine\shaders\common.fx(158,8-50): warning X3206: implicit truncation of vector type
F:\proj\Game11\Game\Engine\shaders\common.fx(159,9-44): warning X3206: implicit truncation of vector type
F:\proj\Game11\Game\Engine\shaders\common.fx(166,16-32): warning X3206: 'DecodeNormal': implicit truncation of vector type
F:\proj\Game11\Game\Engine\shaders\oit-resolve.fx(75,13-69): warning X3206: implicit truncation of vector type

compilation object save succeeded; see F:\proj\Game11\Game\Engine\shaders\oit-resolve.ps

F:\proj\Game11\Game\Engine\shaders>fxc /T ps_5_1 /E AOITSPClearPS /Fo  oit-clear.ps /D dohdr /D dopso  oit-resolve.fx 
Microsoft (R) Direct3D Shader Compiler 10.1
Copyright (C) 2013 Microsoft. All rights reserved.

F:\proj\Game11\Game\Engine\shaders\common.fx(158,8-50): warning X3206: implicit truncation of vector type
F:\proj\Game11\Game\Engine\shaders\common.fx(159,9-44): warning X3206: implicit truncation of vector type
F:\proj\Game11\Game\Engine\shaders\common.fx(166,16-32): warning X3206: 'DecodeNormal': implicit truncation of vector type
F:\proj\Game11\Game\Engine\shaders\oit-resolve.fx(75,13-69): warning X3206: implicit truncation of vector type

compilation object save succeeded; see F:\proj\Game11\Game\Engine\shaders\oit-clear.ps

F:\proj\Game11\Game\Engine\shaders>fxc /T vs_5_1 /E VS_Instance /Fo basic-instance.vs  normal.fx 
Microsoft (R) Direct3D Shader Compiler 10.1
Copyright (C) 2013 Microsoft. All rights reserved.

F:\proj\Game11\Game\Engine\shaders\common.fx(158,8-50): warning X3206: implicit truncation of vector type
F:\proj\Game11\Game\Engine\shaders\common.fx(159,9-44): warning X3206: implicit truncation of vector type
F:\proj\Game11\Game\Engine\shaders\common.fx(166,16-32): warning X3206: 'DecodeNormal': implicit truncation of vector type

compilation object save succeeded; see F:\proj\Game11\Game\Engine\shaders\basic-instance.vs

F:\proj\Game11\Game\Engine\shaders>fxc /T ps_5_1 /E PS          /Fo basic-instance.ps  normal.fx 
Microsoft (R) Direct3D Shader Compiler 10.1
Copyright (C) 2013 Microsoft. All rights reserved.

F:\proj\Game11\Game\Engine\shaders\common.fx(158,8-50): warning X3206: implicit truncation of vector type
F:\proj\Game11\Game\Engine\shaders\common.fx(159,9-44): warning X3206: implicit truncation of vector type
F:\proj\Game11\Game\Engine\shaders\common.fx(166,16-32): warning X3206: 'DecodeNormal': implicit truncation of vector type

compilation object save succeeded; see F:\proj\Game11\Game\Engine\shaders\basic-instance.ps

F:\proj\Game11\Game\Engine\shaders>fxc /T vs_5_1 /E VS_Skinning /Fo skin.vs  normal.fx 
Microsoft (R) Direct3D Shader Compiler 10.1
Copyright (C) 2013 Microsoft. All rights reserved.

F:\proj\Game11\Game\Engine\shaders\common.fx(158,8-50): warning X3206: implicit truncation of vector type
F:\proj\Game11\Game\Engine\shaders\common.fx(159,9-44): warning X3206: implicit truncation of vector type
F:\proj\Game11\Game\Engine\shaders\common.fx(166,16-32): warning X3206: 'DecodeNormal': implicit truncation of vector type

compilation object save succeeded; see F:\proj\Game11\Game\Engine\shaders\skin.vs

F:\proj\Game11\Game\Engine\shaders>fxc /T ps_5_1 /E PS          /Fo skin.ps  normal.fx 
Microsoft (R) Direct3D Shader Compiler 10.1
Copyright (C) 2013 Microsoft. All rights reserved.

F:\proj\Game11\Game\Engine\shaders\common.fx(158,8-50): warning X3206: implicit truncation of vector type
F:\proj\Game11\Game\Engine\shaders\common.fx(159,9-44): warning X3206: implicit truncation of vector type
F:\proj\Game11\Game\Engine\shaders\common.fx(166,16-32): warning X3206: 'DecodeNormal': implicit truncation of vector type

compilation object save succeeded; see F:\proj\Game11\Game\Engine\shaders\skin.ps

F:\proj\Game11\Game\Engine\shaders>fxc /T vs_5_1 /E VS_ScreenQuadLight /Fo pointlight.vs  light.fx 
Microsoft (R) Direct3D Shader Compiler 10.1
Copyright (C) 2013 Microsoft. All rights reserved.

F:\proj\Game11\Game\Engine\shaders\common.fx(158,8-50): warning X3206: implicit truncation of vector type
F:\proj\Game11\Game\Engine\shaders\common.fx(159,9-44): warning X3206: implicit truncation of vector type
F:\proj\Game11\Game\Engine\shaders\common.fx(166,16-32): warning X3206: 'DecodeNormal': implicit truncation of vector type
F:\proj\Game11\Game\Engine\shaders\light.fx(40,8-58): warning X3206: implicit truncation of vector type
F:\proj\Game11\Game\Engine\shaders\light.fx(46,13-41): warning X3206: implicit truncation of vector type
F:\proj\Game11\Game\Engine\shaders\light.fx(51,12-48): warning X3206: 'distance': implicit truncation of vector type
F:\proj\Game11\Game\Engine\shaders\light.fx(52,9-60): warning X3206: implicit truncation of vector type
F:\proj\Game11\Game\Engine\shaders\light.fx(54,44-56): warning X3206: 'dot': implicit truncation of vector type
F:\proj\Game11\Game\Engine\shaders\light.fx(77,9-49): warning X3206: implicit truncation of vector type
F:\proj\Game11\Game\Engine\shaders\light.fx(83,15-43): warning X3206: implicit truncation of vector type
F:\proj\Game11\Game\Engine\shaders\light.fx(88,14-51): warning X3206: 'distance': implicit truncation of vector type
F:\proj\Game11\Game\Engine\shaders\light.fx(89,11-62): warning X3206: implicit truncation of vector type
F:\proj\Game11\Game\Engine\shaders\light.fx(91,46-59): warning X3206: 'dot': implicit truncation of vector type
F:\proj\Game11\Game\Engine\shaders\light.fx(94,26-40): warning X3206: implicit truncation of vector type

compilation object save succeeded; see F:\proj\Game11\Game\Engine\shaders\pointlight.vs

F:\proj\Game11\Game\Engine\shaders>fxc /T ps_5_1 /E PS_ScreenQuadLightShadow /Fo pointlight.ps  light.fx 
Microsoft (R) Direct3D Shader Compiler 10.1
Copyright (C) 2013 Microsoft. All rights reserved.

F:\proj\Game11\Game\Engine\shaders\common.fx(158,8-50): warning X3206: implicit truncation of vector type
F:\proj\Game11\Game\Engine\shaders\common.fx(159,9-44): warning X3206: implicit truncation of vector type
F:\proj\Game11\Game\Engine\shaders\common.fx(166,16-32): warning X3206: 'DecodeNormal': implicit truncation of vector type
F:\proj\Game11\Game\Engine\shaders\light.fx(40,8-58): warning X3206: implicit truncation of vector type
F:\proj\Game11\Game\Engine\shaders\light.fx(46,13-41): warning X3206: implicit truncation of vector type
F:\proj\Game11\Game\Engine\shaders\light.fx(51,12-48): warning X3206: 'distance': implicit truncation of vector type
F:\proj\Game11\Game\Engine\shaders\light.fx(52,9-60): warning X3206: implicit truncation of vector type
F:\proj\Game11\Game\Engine\shaders\light.fx(54,44-56): warning X3206: 'dot': implicit truncation of vector type
F:\proj\Game11\Game\Engine\shaders\light.fx(77,9-49): warning X3206: implicit truncation of vector type
F:\proj\Game11\Game\Engine\shaders\light.fx(83,15-43): warning X3206: implicit truncation of vector type
F:\proj\Game11\Game\Engine\shaders\light.fx(88,14-51): warning X3206: 'distance': implicit truncation of vector type
F:\proj\Game11\Game\Engine\shaders\light.fx(89,11-62): warning X3206: implicit truncation of vector type
F:\proj\Game11\Game\Engine\shaders\light.fx(91,46-59): warning X3206: 'dot': implicit truncation of vector type
F:\proj\Game11\Game\Engine\shaders\light.fx(94,26-40): warning X3206: implicit truncation of vector type

compilation object save succeeded; see F:\proj\Game11\Game\Engine\shaders\pointlight.ps

F:\proj\Game11\Game\Engine\shaders>fxc /T ps_5_1 /E PS_PointLightShadow /Fo light_pbr.ps pbr.fx 
Microsoft (R) Direct3D Shader Compiler 10.1
Copyright (C) 2013 Microsoft. All rights reserved.

F:\proj\Game11\Game\Engine\shaders\common.fx(158,8-50): warning X3206: implicit truncation of vector type
F:\proj\Game11\Game\Engine\shaders\common.fx(159,9-44): warning X3206: implicit truncation of vector type
F:\proj\Game11\Game\Engine\shaders\common.fx(166,16-32): warning X3206: 'DecodeNormal': implicit truncation of vector type
F:\proj\Game11\Game\Engine\shaders\pbr.fx(175,9-49): warning X3206: implicit truncation of vector type
F:\proj\Game11\Game\Engine\shaders\pbr.fx(181,15-43): warning X3206: implicit truncation of vector type
F:\proj\Game11\Game\Engine\shaders\pbr.fx(186,14-51): warning X3206: 'distance': implicit truncation of vector type
F:\proj\Game11\Game\Engine\shaders\pbr.fx(193,19-89): warning X3206: 'BRDF': implicit truncation of vector type
F:\proj\Game11\Game\Engine\shaders\pbr.fx(193,11-89): warning X3206: implicit truncation of vector type
F:\proj\Game11\Game\Engine\shaders\pbr.fx(194,11-65): warning X3206: implicit truncation of vector type
F:\proj\Game11\Game\Engine\shaders\pbr.fx(195,48-61): warning X3206: 'dot': implicit truncation of vector type
F:\proj\Game11\Game\Engine\shaders\pbr.fx(212,9-28): warning X3206: implicit truncation of vector type
F:\proj\Game11\Game\Engine\shaders\pbr.fx(223,17-87): warning X3206: 'BRDF': implicit truncation of vector type
F:\proj\Game11\Game\Engine\shaders\pbr.fx(223,9-87): warning X3206: implicit truncation of vector type
F:\proj\Game11\Game\Engine\shaders\pbr.fx(224,24-42): warning X3206: implicit truncation of vector type
F:\proj\Game11\Game\Engine\shaders\pbr.fx(224,55-68): warning X3206: 'dot': implicit truncation of vector type
F:\proj\Game11\Game\Engine\shaders\pbr.fx(240,9-58): warning X3206: implicit truncation of vector type
F:\proj\Game11\Game\Engine\shaders\pbr.fx(251,28-74): warning X3206: 'SampleLevel': implicit truncation of vector type
F:\proj\Game11\Game\Engine\shaders\pbr.fx(276,23-31): warning X3206: 'dot': implicit truncation of vector type
F:\proj\Game11\Game\Engine\shaders\pbr.fx(288,22-68): warning X3206: 'Sample': implicit truncation of vector type
F:\proj\Game11\Game\Engine\shaders\pbr.fx(293,23-65): warning X3206: 'SpecularIBL': implicit truncation of vector type
F:\proj\Game11\Game\Engine\shaders\pbr.fx(308,6-17): error X3019: if statement conditional expressions must evaluate to a scalar

compilation failed; no code produced

F:\proj\Game11\Game\Engine\shaders>fxc /T ps_5_1 /E PS_DirectionLight /Fo light_direction.ps pbr.fx 
Microsoft (R) Direct3D Shader Compiler 10.1
Copyright (C) 2013 Microsoft. All rights reserved.

F:\proj\Game11\Game\Engine\shaders\common.fx(158,8-50): warning X3206: implicit truncation of vector type
F:\proj\Game11\Game\Engine\shaders\common.fx(159,9-44): warning X3206: implicit truncation of vector type
F:\proj\Game11\Game\Engine\shaders\common.fx(166,16-32): warning X3206: 'DecodeNormal': implicit truncation of vector type
F:\proj\Game11\Game\Engine\shaders\pbr.fx(175,9-49): warning X3206: implicit truncation of vector type
F:\proj\Game11\Game\Engine\shaders\pbr.fx(181,15-43): warning X3206: implicit truncation of vector type
F:\proj\Game11\Game\Engine\shaders\pbr.fx(186,14-51): warning X3206: 'distance': implicit truncation of vector type
F:\proj\Game11\Game\Engine\shaders\pbr.fx(193,19-89): warning X3206: 'BRDF': implicit truncation of vector type
F:\proj\Game11\Game\Engine\shaders\pbr.fx(193,11-89): warning X3206: implicit truncation of vector type
F:\proj\Game11\Game\Engine\shaders\pbr.fx(194,11-65): warning X3206: implicit truncation of vector type
F:\proj\Game11\Game\Engine\shaders\pbr.fx(195,48-61): warning X3206: 'dot': implicit truncation of vector type
F:\proj\Game11\Game\Engine\shaders\pbr.fx(212,9-28): warning X3206: implicit truncation of vector type
F:\proj\Game11\Game\Engine\shaders\pbr.fx(223,17-87): warning X3206: 'BRDF': implicit truncation of vector type
F:\proj\Game11\Game\Engine\shaders\pbr.fx(223,9-87): warning X3206: implicit truncation of vector type
F:\proj\Game11\Game\Engine\shaders\pbr.fx(224,24-42): warning X3206: implicit truncation of vector type
F:\proj\Game11\Game\Engine\shaders\pbr.fx(224,55-68): warning X3206: 'dot': implicit truncation of vector type
F:\proj\Game11\Game\Engine\shaders\pbr.fx(240,9-58): warning X3206: implicit truncation of vector type
F:\proj\Game11\Game\Engine\shaders\pbr.fx(251,28-74): warning X3206: 'SampleLevel': implicit truncation of vector type
F:\proj\Game11\Game\Engine\shaders\pbr.fx(276,23-31): warning X3206: 'dot': implicit truncation of vector type
F:\proj\Game11\Game\Engine\shaders\pbr.fx(288,22-68): warning X3206: 'Sample': implicit truncation of vector type
F:\proj\Game11\Game\Engine\shaders\pbr.fx(293,23-65): warning X3206: 'SpecularIBL': implicit truncation of vector type
F:\proj\Game11\Game\Engine\shaders\pbr.fx(308,6-17): error X3019: if statement conditional expressions must evaluate to a scalar

compilation failed; no code produced

F:\proj\Game11\Game\Engine\shaders>fxc /T ps_5_1 /E PS_ImageBasedLight /Fo ibl.ps pbr.fx 
Microsoft (R) Direct3D Shader Compiler 10.1
Copyright (C) 2013 Microsoft. All rights reserved.

F:\proj\Game11\Game\Engine\shaders\common.fx(158,8-50): warning X3206: implicit truncation of vector type
F:\proj\Game11\Game\Engine\shaders\common.fx(159,9-44): warning X3206: implicit truncation of vector type
F:\proj\Game11\Game\Engine\shaders\common.fx(166,16-32): warning X3206: 'DecodeNormal': implicit truncation of vector type
F:\proj\Game11\Game\Engine\shaders\pbr.fx(175,9-49): warning X3206: implicit truncation of vector type
F:\proj\Game11\Game\Engine\shaders\pbr.fx(181,15-43): warning X3206: implicit truncation of vector type
F:\proj\Game11\Game\Engine\shaders\pbr.fx(186,14-51): warning X3206: 'distance': implicit truncation of vector type
F:\proj\Game11\Game\Engine\shaders\pbr.fx(193,19-89): warning X3206: 'BRDF': implicit truncation of vector type
F:\proj\Game11\Game\Engine\shaders\pbr.fx(193,11-89): warning X3206: implicit truncation of vector type
F:\proj\Game11\Game\Engine\shaders\pbr.fx(194,11-65): warning X3206: implicit truncation of vector type
F:\proj\Game11\Game\Engine\shaders\pbr.fx(195,48-61): warning X3206: 'dot': implicit truncation of vector type
F:\proj\Game11\Game\Engine\shaders\pbr.fx(212,9-28): warning X3206: implicit truncation of vector type
F:\proj\Game11\Game\Engine\shaders\pbr.fx(223,17-87): warning X3206: 'BRDF': implicit truncation of vector type
F:\proj\Game11\Game\Engine\shaders\pbr.fx(223,9-87): warning X3206: implicit truncation of vector type
F:\proj\Game11\Game\Engine\shaders\pbr.fx(224,24-42): warning X3206: implicit truncation of vector type
F:\proj\Game11\Game\Engine\shaders\pbr.fx(224,55-68): warning X3206: 'dot': implicit truncation of vector type
F:\proj\Game11\Game\Engine\shaders\pbr.fx(240,9-58): warning X3206: implicit truncation of vector type
F:\proj\Game11\Game\Engine\shaders\pbr.fx(251,28-74): warning X3206: 'SampleLevel': implicit truncation of vector type
F:\proj\Game11\Game\Engine\shaders\pbr.fx(276,23-31): warning X3206: 'dot': implicit truncation of vector type
F:\proj\Game11\Game\Engine\shaders\pbr.fx(288,22-68): warning X3206: 'Sample': implicit truncation of vector type
F:\proj\Game11\Game\Engine\shaders\pbr.fx(293,23-65): warning X3206: 'SpecularIBL': implicit truncation of vector type
F:\proj\Game11\Game\Engine\shaders\pbr.fx(308,6-17): error X3019: if statement conditional expressions must evaluate to a scalar

compilation failed; no code produced

F:\proj\Game11\Game\Engine\shaders>fxc /T vs_5_1 /E VS /Fo ssao.vs  post_screen.fx 
Microsoft (R) Direct3D Shader Compiler 10.1
Copyright (C) 2013 Microsoft. All rights reserved.

F:\proj\Game11\Game\Engine\shaders\common.fx(158,8-50): warning X3206: implicit truncation of vector type
F:\proj\Game11\Game\Engine\shaders\common.fx(159,9-44): warning X3206: implicit truncation of vector type
F:\proj\Game11\Game\Engine\shaders\common.fx(166,16-32): warning X3206: 'DecodeNormal': implicit truncation of vector type
F:\proj\Game11\Game\Engine\shaders\post_screen.fx(47,48-63): warning X3206: implicit truncation of vector type
F:\proj\Game11\Game\Engine\shaders\post_screen.fx(87,9-52): warning X3206: 'CalcAO': implicit truncation of vector type
F:\proj\Game11\Game\Engine\shaders\post_screen.fx(88,9-51): warning X3206: 'CalcAO': implicit truncation of vector type
F:\proj\Game11\Game\Engine\shaders\post_screen.fx(89,9-52): warning X3206: 'CalcAO': implicit truncation of vector type
F:\proj\Game11\Game\Engine\shaders\post_screen.fx(90,9-45): warning X3206: 'CalcAO': implicit truncation of vector type

compilation object save succeeded; see F:\proj\Game11\Game\Engine\shaders\ssao.vs

F:\proj\Game11\Game\Engine\shaders>fxc /T ps_5_1 /E PS /Fo ssao.ps  post_screen.fx 
Microsoft (R) Direct3D Shader Compiler 10.1
Copyright (C) 2013 Microsoft. All rights reserved.

F:\proj\Game11\Game\Engine\shaders\common.fx(158,8-50): warning X3206: implicit truncation of vector type
F:\proj\Game11\Game\Engine\shaders\common.fx(159,9-44): warning X3206: implicit truncation of vector type
F:\proj\Game11\Game\Engine\shaders\common.fx(166,16-32): warning X3206: 'DecodeNormal': implicit truncation of vector type
F:\proj\Game11\Game\Engine\shaders\post_screen.fx(47,48-63): warning X3206: implicit truncation of vector type
F:\proj\Game11\Game\Engine\shaders\post_screen.fx(87,9-52): warning X3206: 'CalcAO': implicit truncation of vector type
F:\proj\Game11\Game\Engine\shaders\post_screen.fx(88,9-51): warning X3206: 'CalcAO': implicit truncation of vector type
F:\proj\Game11\Game\Engine\shaders\post_screen.fx(89,9-52): warning X3206: 'CalcAO': implicit truncation of vector type
F:\proj\Game11\Game\Engine\shaders\post_screen.fx(90,9-45): warning X3206: 'CalcAO': implicit truncation of vector type
F:\proj\Game11\Game\Engine\shaders\common.fx(158,17-50): warning X3570: gradient instruction used in a loop with varying iteration, attempting to unroll the loop

compilation object save succeeded; see F:\proj\Game11\Game\Engine\shaders\ssao.ps

F:\proj\Game11\Game\Engine\shaders>fxc /T vs_5_1 /E VS /Fo hdr.vs  hdr.fx 
Microsoft (R) Direct3D Shader Compiler 10.1
Copyright (C) 2013 Microsoft. All rights reserved.

F:\proj\Game11\Game\Engine\shaders\common.fx(158,8-50): warning X3206: implicit truncation of vector type
F:\proj\Game11\Game\Engine\shaders\common.fx(159,9-44): warning X3206: implicit truncation of vector type
F:\proj\Game11\Game\Engine\shaders\common.fx(166,16-32): warning X3206: 'DecodeNormal': implicit truncation of vector type
F:\proj\Game11\Game\Engine\shaders\hdr.fx(51,46-85): warning X3206: implicit truncation of vector type
F:\proj\Game11\Game\Engine\shaders\hdr.fx(51,3-86): warning X3206: implicit truncation of vector type
F:\proj\Game11\Game\Engine\shaders\hdr.fx(69,46-85): warning X3206: implicit truncation of vector type
F:\proj\Game11\Game\Engine\shaders\hdr.fx(69,3-86): warning X3206: implicit truncation of vector type
F:\proj\Game11\Game\Engine\shaders\hdr.fx(84,5-53): warning X3206: implicit truncation of vector type
F:\proj\Game11\Game\Engine\shaders\hdr.fx(89,46-85): warning X3206: implicit truncation of vector type
F:\proj\Game11\Game\Engine\shaders\hdr.fx(89,3-86): warning X3206: implicit truncation of vector type
F:\proj\Game11\Game\Engine\shaders\hdr.fx(107,5-54): warning X3206: implicit truncation of vector type
F:\proj\Game11\Game\Engine\shaders\hdr.fx(113,2-50): warning X3206: implicit truncation of vector type
F:\proj\Game11\Game\Engine\shaders\hdr.fx(119,2-25): warning X3206: implicit truncation of vector type
F:\proj\Game11\Game\Engine\shaders\hdr.fx(130,9-65): warning X3206: implicit truncation of vector type
F:\proj\Game11\Game\Engine\shaders\hdr.fx(144,2-29): warning X3206: implicit truncation of vector type
F:\proj\Game11\Game\Engine\shaders\hdr.fx(156,80-119): warning X3206: implicit truncation of vector type

compilation object save succeeded; see F:\proj\Game11\Game\Engine\shaders\hdr.vs

F:\proj\Game11\Game\Engine\shaders>fxc /T ps_5_1 /E PS_Log /Fo hdr_scale.ps  hdr.fx 
Microsoft (R) Direct3D Shader Compiler 10.1
Copyright (C) 2013 Microsoft. All rights reserved.

F:\proj\Game11\Game\Engine\shaders\common.fx(158,8-50): warning X3206: implicit truncation of vector type
F:\proj\Game11\Game\Engine\shaders\common.fx(159,9-44): warning X3206: implicit truncation of vector type
F:\proj\Game11\Game\Engine\shaders\common.fx(166,16-32): warning X3206: 'DecodeNormal': implicit truncation of vector type
F:\proj\Game11\Game\Engine\shaders\hdr.fx(51,46-85): warning X3206: implicit truncation of vector type
F:\proj\Game11\Game\Engine\shaders\hdr.fx(51,3-86): warning X3206: implicit truncation of vector type
F:\proj\Game11\Game\Engine\shaders\hdr.fx(69,46-85): warning X3206: implicit truncation of vector type
F:\proj\Game11\Game\Engine\shaders\hdr.fx(69,3-86): warning X3206: implicit truncation of vector type
F:\proj\Game11\Game\Engine\shaders\hdr.fx(84,5-53): warning X3206: implicit truncation of vector type
F:\proj\Game11\Game\Engine\shaders\hdr.fx(89,46-85): warning X3206: implicit truncation of vector type
F:\proj\Game11\Game\Engine\shaders\hdr.fx(89,3-86): warning X3206: implicit truncation of vector type
F:\proj\Game11\Game\Engine\shaders\hdr.fx(107,5-54): warning X3206: implicit truncation of vector type
F:\proj\Game11\Game\Engine\shaders\hdr.fx(113,2-50): warning X3206: implicit truncation of vector type
F:\proj\Game11\Game\Engine\shaders\hdr.fx(119,2-25): warning X3206: implicit truncation of vector type
F:\proj\Game11\Game\Engine\shaders\hdr.fx(130,9-65): warning X3206: implicit truncation of vector type
F:\proj\Game11\Game\Engine\shaders\hdr.fx(144,2-29): warning X3206: implicit truncation of vector type
F:\proj\Game11\Game\Engine\shaders\hdr.fx(156,80-119): warning X3206: implicit truncation of vector type

compilation object save succeeded; see F:\proj\Game11\Game\Engine\shaders\hdr_scale.ps

F:\proj\Game11\Game\Engine\shaders>fxc /T ps_5_1 /E PS_Avg /Fo hdr_avg.ps  hdr.fx 
Microsoft (R) Direct3D Shader Compiler 10.1
Copyright (C) 2013 Microsoft. All rights reserved.

F:\proj\Game11\Game\Engine\shaders\common.fx(158,8-50): warning X3206: implicit truncation of vector type
F:\proj\Game11\Game\Engine\shaders\common.fx(159,9-44): warning X3206: implicit truncation of vector type
F:\proj\Game11\Game\Engine\shaders\common.fx(166,16-32): warning X3206: 'DecodeNormal': implicit truncation of vector type
F:\proj\Game11\Game\Engine\shaders\hdr.fx(51,46-85): warning X3206: implicit truncation of vector type
F:\proj\Game11\Game\Engine\shaders\hdr.fx(51,3-86): warning X3206: implicit truncation of vector type
F:\proj\Game11\Game\Engine\shaders\hdr.fx(69,46-85): warning X3206: implicit truncation of vector type
F:\proj\Game11\Game\Engine\shaders\hdr.fx(69,3-86): warning X3206: implicit truncation of vector type
F:\proj\Game11\Game\Engine\shaders\hdr.fx(84,5-53): warning X3206: implicit truncation of vector type
F:\proj\Game11\Game\Engine\shaders\hdr.fx(89,46-85): warning X3206: implicit truncation of vector type
F:\proj\Game11\Game\Engine\shaders\hdr.fx(89,3-86): warning X3206: implicit truncation of vector type
F:\proj\Game11\Game\Engine\shaders\hdr.fx(107,5-54): warning X3206: implicit truncation of vector type
F:\proj\Game11\Game\Engine\shaders\hdr.fx(113,2-50): warning X3206: implicit truncation of vector type
F:\proj\Game11\Game\Engine\shaders\hdr.fx(119,2-25): warning X3206: implicit truncation of vector type
F:\proj\Game11\Game\Engine\shaders\hdr.fx(130,9-65): warning X3206: implicit truncation of vector type
F:\proj\Game11\Game\Engine\shaders\hdr.fx(144,2-29): warning X3206: implicit truncation of vector type
F:\proj\Game11\Game\Engine\shaders\hdr.fx(156,80-119): warning X3206: implicit truncation of vector type

compilation object save succeeded; see F:\proj\Game11\Game\Engine\shaders\hdr_avg.ps

F:\proj\Game11\Game\Engine\shaders>fxc /T ps_5_1 /E PS_Adapt /Fo hdr_adapt.ps  hdr.fx 
Microsoft (R) Direct3D Shader Compiler 10.1
Copyright (C) 2013 Microsoft. All rights reserved.

F:\proj\Game11\Game\Engine\shaders\common.fx(158,8-50): warning X3206: implicit truncation of vector type
F:\proj\Game11\Game\Engine\shaders\common.fx(159,9-44): warning X3206: implicit truncation of vector type
F:\proj\Game11\Game\Engine\shaders\common.fx(166,16-32): warning X3206: 'DecodeNormal': implicit truncation of vector type
F:\proj\Game11\Game\Engine\shaders\hdr.fx(51,46-85): warning X3206: implicit truncation of vector type
F:\proj\Game11\Game\Engine\shaders\hdr.fx(51,3-86): warning X3206: implicit truncation of vector type
F:\proj\Game11\Game\Engine\shaders\hdr.fx(69,46-85): warning X3206: implicit truncation of vector type
F:\proj\Game11\Game\Engine\shaders\hdr.fx(69,3-86): warning X3206: implicit truncation of vector type
F:\proj\Game11\Game\Engine\shaders\hdr.fx(84,5-53): warning X3206: implicit truncation of vector type
F:\proj\Game11\Game\Engine\shaders\hdr.fx(89,46-85): warning X3206: implicit truncation of vector type
F:\proj\Game11\Game\Engine\shaders\hdr.fx(89,3-86): warning X3206: implicit truncation of vector type
F:\proj\Game11\Game\Engine\shaders\hdr.fx(107,5-54): warning X3206: implicit truncation of vector type
F:\proj\Game11\Game\Engine\shaders\hdr.fx(113,2-50): warning X3206: implicit truncation of vector type
F:\proj\Game11\Game\Engine\shaders\hdr.fx(119,2-25): warning X3206: implicit truncation of vector type
F:\proj\Game11\Game\Engine\shaders\hdr.fx(130,9-65): warning X3206: implicit truncation of vector type
F:\proj\Game11\Game\Engine\shaders\hdr.fx(144,2-29): warning X3206: implicit truncation of vector type
F:\proj\Game11\Game\Engine\shaders\hdr.fx(156,80-119): warning X3206: implicit truncation of vector type

compilation object save succeeded; see F:\proj\Game11\Game\Engine\shaders\hdr_adapt.ps

F:\proj\Game11\Game\Engine\shaders>fxc /T ps_5_1 /E PS_BrightPass /Fo hdr_bright.ps  hdr.fx 
Microsoft (R) Direct3D Shader Compiler 10.1
Copyright (C) 2013 Microsoft. All rights reserved.

F:\proj\Game11\Game\Engine\shaders\common.fx(158,8-50): warning X3206: implicit truncation of vector type
F:\proj\Game11\Game\Engine\shaders\common.fx(159,9-44): warning X3206: implicit truncation of vector type
F:\proj\Game11\Game\Engine\shaders\common.fx(166,16-32): warning X3206: 'DecodeNormal': implicit truncation of vector type
F:\proj\Game11\Game\Engine\shaders\hdr.fx(51,46-85): warning X3206: implicit truncation of vector type
F:\proj\Game11\Game\Engine\shaders\hdr.fx(51,3-86): warning X3206: implicit truncation of vector type
F:\proj\Game11\Game\Engine\shaders\hdr.fx(69,46-85): warning X3206: implicit truncation of vector type
F:\proj\Game11\Game\Engine\shaders\hdr.fx(69,3-86): warning X3206: implicit truncation of vector type
F:\proj\Game11\Game\Engine\shaders\hdr.fx(84,5-53): warning X3206: implicit truncation of vector type
F:\proj\Game11\Game\Engine\shaders\hdr.fx(89,46-85): warning X3206: implicit truncation of vector type
F:\proj\Game11\Game\Engine\shaders\hdr.fx(89,3-86): warning X3206: implicit truncation of vector type
F:\proj\Game11\Game\Engine\shaders\hdr.fx(107,5-54): warning X3206: implicit truncation of vector type
F:\proj\Game11\Game\Engine\shaders\hdr.fx(113,2-50): warning X3206: implicit truncation of vector type
F:\proj\Game11\Game\Engine\shaders\hdr.fx(119,2-25): warning X3206: implicit truncation of vector type
F:\proj\Game11\Game\Engine\shaders\hdr.fx(130,9-65): warning X3206: implicit truncation of vector type
F:\proj\Game11\Game\Engine\shaders\hdr.fx(144,2-29): warning X3206: implicit truncation of vector type
F:\proj\Game11\Game\Engine\shaders\hdr.fx(156,80-119): warning X3206: implicit truncation of vector type

compilation object save succeeded; see F:\proj\Game11\Game\Engine\shaders\hdr_bright.ps

F:\proj\Game11\Game\Engine\shaders>fxc /T ps_5_1 /E PS_GaussBloom5x5 /Fo hdr_bloom.ps  hdr.fx 
Microsoft (R) Direct3D Shader Compiler 10.1
Copyright (C) 2013 Microsoft. All rights reserved.

F:\proj\Game11\Game\Engine\shaders\common.fx(158,8-50): warning X3206: implicit truncation of vector type
F:\proj\Game11\Game\Engine\shaders\common.fx(159,9-44): warning X3206: implicit truncation of vector type
F:\proj\Game11\Game\Engine\shaders\common.fx(166,16-32): warning X3206: 'DecodeNormal': implicit truncation of vector type
F:\proj\Game11\Game\Engine\shaders\hdr.fx(51,46-85): warning X3206: implicit truncation of vector type
F:\proj\Game11\Game\Engine\shaders\hdr.fx(51,3-86): warning X3206: implicit truncation of vector type
F:\proj\Game11\Game\Engine\shaders\hdr.fx(69,46-85): warning X3206: implicit truncation of vector type
F:\proj\Game11\Game\Engine\shaders\hdr.fx(69,3-86): warning X3206: implicit truncation of vector type
F:\proj\Game11\Game\Engine\shaders\hdr.fx(84,5-53): warning X3206: implicit truncation of vector type
F:\proj\Game11\Game\Engine\shaders\hdr.fx(89,46-85): warning X3206: implicit truncation of vector type
F:\proj\Game11\Game\Engine\shaders\hdr.fx(89,3-86): warning X3206: implicit truncation of vector type
F:\proj\Game11\Game\Engine\shaders\hdr.fx(107,5-54): warning X3206: implicit truncation of vector type
F:\proj\Game11\Game\Engine\shaders\hdr.fx(113,2-50): warning X3206: implicit truncation of vector type
F:\proj\Game11\Game\Engine\shaders\hdr.fx(119,2-25): warning X3206: implicit truncation of vector type
F:\proj\Game11\Game\Engine\shaders\hdr.fx(130,9-65): warning X3206: implicit truncation of vector type
F:\proj\Game11\Game\Engine\shaders\hdr.fx(144,2-29): warning X3206: implicit truncation of vector type
F:\proj\Game11\Game\Engine\shaders\hdr.fx(156,80-119): warning X3206: implicit truncation of vector type

compilation object save succeeded; see F:\proj\Game11\Game\Engine\shaders\hdr_bloom.ps

F:\proj\Game11\Game\Engine\shaders>fxc /T ps_5_1 /E PS_ToneMapping /Fo hdr_tone.ps  hdr.fx 
Microsoft (R) Direct3D Shader Compiler 10.1
Copyright (C) 2013 Microsoft. All rights reserved.

F:\proj\Game11\Game\Engine\shaders\common.fx(158,8-50): warning X3206: implicit truncation of vector type
F:\proj\Game11\Game\Engine\shaders\common.fx(159,9-44): warning X3206: implicit truncation of vector type
F:\proj\Game11\Game\Engine\shaders\common.fx(166,16-32): warning X3206: 'DecodeNormal': implicit truncation of vector type
F:\proj\Game11\Game\Engine\shaders\hdr.fx(51,46-85): warning X3206: implicit truncation of vector type
F:\proj\Game11\Game\Engine\shaders\hdr.fx(51,3-86): warning X3206: implicit truncation of vector type
F:\proj\Game11\Game\Engine\shaders\hdr.fx(69,46-85): warning X3206: implicit truncation of vector type
F:\proj\Game11\Game\Engine\shaders\hdr.fx(69,3-86): warning X3206: implicit truncation of vector type
F:\proj\Game11\Game\Engine\shaders\hdr.fx(84,5-53): warning X3206: implicit truncation of vector type
F:\proj\Game11\Game\Engine\shaders\hdr.fx(89,46-85): warning X3206: implicit truncation of vector type
F:\proj\Game11\Game\Engine\shaders\hdr.fx(89,3-86): warning X3206: implicit truncation of vector type
F:\proj\Game11\Game\Engine\shaders\hdr.fx(107,5-54): warning X3206: implicit truncation of vector type
F:\proj\Game11\Game\Engine\shaders\hdr.fx(113,2-50): warning X3206: implicit truncation of vector type
F:\proj\Game11\Game\Engine\shaders\hdr.fx(119,2-25): warning X3206: implicit truncation of vector type
F:\proj\Game11\Game\Engine\shaders\hdr.fx(130,9-65): warning X3206: implicit truncation of vector type
F:\proj\Game11\Game\Engine\shaders\hdr.fx(144,2-29): warning X3206: implicit truncation of vector type
F:\proj\Game11\Game\Engine\shaders\hdr.fx(156,80-119): warning X3206: implicit truncation of vector type
F:\proj\Game11\Game\Engine\shaders\hdr.fx(108,9-19): warning X3577: value cannot be NaN, isnan() may not be necessary.  /Gis may force isnan() to be performed

compilation object save succeeded; see F:\proj\Game11\Game\Engine\shaders\hdr_tone.ps
